// Jest Snapshot v1, https://goo.gl/fbAQLP

exports[`should render a button 1`] = `"<button class=\\"button\\" type=\\"button\\">Button</button>"`;

exports[`should render a button 2`] = `"<button class=\\"button button--secondary button--expanded test-class\\" type=\\"submit\\">Submit Button</button>"`;

exports[`should render a button 3`] = `"<span class=\\"button\\" type=\\"button\\">Link</span>"`;
